python : INFO - Connected 
model {'serial': 
'R58N3012RYE', 'sdk': 31, 
'brand': 'samsung', 
'model': 'SM-G975F', 
'arch': 'arm64-v8a', 
'version': 12}
At line:1 char:1
+ python 
test_list_support.py > 
test_output.txt 2>&1
+ ~~~~~~~~~~~~~~~~~~~~~~~~~~
~~~~~~~~~~~~~~~~~~~~~~~~
    + CategoryInfo          
    : NotSpecified: (INFO   
  - Connecte... 'version'   
 : 12}:String) [], Remot    
eException
    + FullyQualifiedErrorId 
    : NativeCommandError
 
Connecting to device...
Connected.
Found existing text on screen: '7:46'

--- Testing Find_element with list: ['NON_EXISTENT_ELEMENT_XYZ_123', '7:46'] ---
Success! Found element: 7:46

--- Testing Find_element with list: ['NON_EXISTENT_ELEMENT_XYZ_123'] ---
Success! Did not find non-existent element.
